[36mvite v8.0.16 [32mbuilding client environment for production...[36m[39m
[2Ktransforming...✓ 157 modules transformed.
rendering chunks...
computing gzip size...
dist/index.html                   0.39 kB │ gzip:   0.27 kB
dist/assets/index-D4bJsB3G.css   93.11 kB │ gzip:  14.84 kB
dist/assets/index-Dr2uH4_0.js   762.71 kB │ gzip: 197.17 kB

[32m✓ built in 262ms[39m
[33m[plugin builtin:vite-reporter] 
(!) Some chunks are larger than 500 kB after minification. Consider:
- Using dynamic import() to code-split the application
- Use build.rolldownOptions.output.codeSplitting to improve chunking: https://rolldown.rs/reference/OutputOptions.codeSplitting
- Adjust chunk size limit for this warning via build.chunkSizeWarningLimit.[39m
